// Jest Snapshot v1, https://goo.gl/fbAQLP

exports[`<App /> matches previous snapshot 1`] = `
<div
  className="App"
>
  <div>
    <input
      onChange={[Function]}
      placeholder="search here"
    />
  </div>
  <div
    className="card-container"
  >
    <div
      className="card"
    >
      <header>
        Name: 
        Sandy
      </header>
      <p>
        Age: 
        26
      </p>
    </div>
    <div
      className="card"
    >
      <header>
        Name: 
        Sandy
      </header>
      <p>
        Age: 
        101
      </p>
    </div>
    <div
      className="card"
    >
      <header>
        Name: 
        Sandy
      </header>
      <p>
        Age: 
        26
      </p>
    </div>
    <div
      className="card"
    >
      <header>
        Name: 
        Sandy
      </header>
      <p>
        Age: 
        24
      </p>
    </div>
  </div>
</div>
`;
